# Test layers.
# Test scale, calc and refine.
# Test extinction parameter
#
\SFLS
SCALE
END
\LIST 4
END
\WEIGHT
END
\LIST 16
LIMIT  0.01 LAYER SCALES
AVERAGE 0.5 LAYER SCALES
END
\LIST 12
FULL X'S
SUMFIX LAYER SCALES
END
\SFLS 
REFINE
REFINE
REFINE
END
\LIST 12 
FULL X's, U[ISO]
SUMFIX LAYER SCALES
\SFLS 
REFINE
REFINE
REFINE 
REFINE 
\LIST 12 
FULL U's EXTPARAM
SUMFIX LAYER SCALES
\SFLS 
REFINE
REFINE
END
\PRINT 22
\PRINT 24
\CHECK
END
\PERH
END
\SFLS
CALC
END
\DISTANCE
OUTPUT LIST=HIGH MON=DIS 
END
\SFLS
REF
REF
REF
END
