# Test scale, calc and refine.
# Test extinction parameter
# Quick test Fourier. (Peak heights are in BARNS!)
# Note - 2016.  There is no Fourier test!!!!!
#
\SFLS
SCALE
END
\LIST 4
END
\WEIGHT
END
\LIST     12
FULL X'S
CONT FIRST(U[ISO]) UNTIL H(93)
CONT H(70,U[ISO])
END
\SFLS
REFINE
REFINE
REFINE
END
\SFLS 
REFINE
REFINE
REFINE 
REFINE 
\LIST     12
FULL X'S
CONT FIRST(U'S) UNTIL H(93)
CONT H(70,U[ISO]) EXTPARAM
END
\SFLS 
REFINE
REFINE
END
\SFLS 
REFINE
REFINE
END
\SFLS
CALC
END
\FOUR
MAP TYPE=DIFF
PEAK HEIGHT=3.0
END
\PEAKS
END
\COLLECT
END
\DISTANCE
OUTPUT LIST=HIGH MON=DIS 
END
\EDIT
SELECT TYPE NE Q
SELECT TYPE NE QN
END
\SFLS
REF
REF
REF
END
